../Core/Src/bw16AT.c:16:20:Bw16_Response	32	static
../Core/Src/bw16AT.c:28:6:Bw16_Echo	8	static
../Core/Src/bw16AT.c:46:6:Bw16_Configure_Mode	8	static
../Core/Src/bw16AT.c:103:6:Bw16_Check_Info_WiFi	8	static
../Core/Src/bw16AT.c:111:6:Bw16_Reset	8	static
../Core/Src/bw16AT.c:119:6:Bw16_AT	8	static
../Core/Src/bw16AT.c:127:6:Bw16_Ping_MQTT	208	static
../Core/Src/bw16AT.c:136:6:Bw16_Set_DHCP	216	static
../Core/Src/bw16AT.c:154:6:Bw16_Check_Info_DHCP	8	static
../Core/Src/bw16AT.c:164:6:Bw16_Auto_Connect_Wifi	8	static
../Core/Src/bw16AT.c:184:6:BW16_Start_SmartConfig	8	static
../Core/Src/bw16AT.c:208:6:Bw16_Setup_Default	8	static
../Core/Src/bw16AT.c:218:6:Bw16_RSSI	8	static
../Core/Src/bw16AT.c:229:6:Bw16_Connect_Wifi_AP	112	static
../Core/Src/bw16AT.c:243:6:Bw16_Set_Info_MQTT	112	static
../Core/Src/bw16AT.c:267:6:Bw16_Connect_MQTT	8	static
../Core/Src/bw16AT.c:276:6:Bw16_Check_Info_MQTT	8	static
../Core/Src/bw16AT.c:291:6:Bw16_MQTT_Publish	216	static
../Core/Src/bw16AT.c:307:6:Bw16_MQTT_PublishRaw	216	static
../Core/Src/bw16AT.c:322:6:Bw16_MQTT_Subscribe	208	static
../Core/Src/bw16AT.c:329:6:Bw16_MQTT_UnSubscribe	112	static
