../Core/Src/main.c:95:5:_write	24	static
../Core/Src/main.c:100:6:HAL_UART_RxCpltCallback	16	static
../Core/Src/main.c:125:6:HAL_TIM_PeriodElapsedCallback	16	static
../Core/Src/main.c:163:5:main	424	dynamic
../Core/Src/main.c:308:6:SystemClock_Config	72	static
../Core/Src/main.c:343:13:MX_SPI1_Init	8	static
../Core/Src/main.c:381:13:MX_TIM1_Init	32	static
../Core/Src/main.c:427:13:MX_TIM2_Init	32	static
../Core/Src/main.c:472:13:MX_TIM4_Init	64	static
../Core/Src/main.c:531:13:MX_USART1_UART_Init	8	static
../Core/Src/main.c:564:13:MX_USART2_UART_Init	8	static
../Core/Src/main.c:597:13:MX_GPIO_Init	40	static
../Core/Src/main.c:662:6:Stm32_Clearing_Buffer	24	static
../Core/Src/main.c:668:6:Bw16_WiFi_Init	80	static
../Core/Src/main.c:686:6:Stm32_Check_BW16_Response	16	static
../Core/Src/main.c:691:6:SmartConfigWifi	80	static
../Core/Src/main.c:704:6:BW16_MQTT_Broker_Init	88	static
../Core/Src/main.c:753:6:Error_Handler	4	static
